  Game.cpp
D:\C++ Projects\GDV_SpeedRacer\GDV_SpeedRacer\PhysicsObject.h(22,19): warning C4305: 'initializing': truncation from 'double' to 'float'
D:\C++ Projects\GDV_SpeedRacer\GDV_SpeedRacer\Game.h(30,38): warning C4305: 'argument': truncation from 'double' to 'float'
D:\C++ Projects\GDV_SpeedRacer\GDV_SpeedRacer\Game.h(31,38): warning C4305: 'argument': truncation from 'double' to 'float'
D:\C++ Projects\GDV_SpeedRacer\GDV_SpeedRacer\Game.h(32,44): warning C4305: 'initializing': truncation from 'double' to 'float'
D:\C++ Projects\GDV_SpeedRacer\GDV_SpeedRacer\Game.h(32,38): warning C4305: 'argument': truncation from 'double' to 'float'
D:\C++ Projects\GDV_SpeedRacer\GDV_SpeedRacer\Game.h(33,44): warning C4305: 'initializing': truncation from 'double' to 'float'
D:\C++ Projects\GDV_SpeedRacer\GDV_SpeedRacer\Game.h(33,38): warning C4305: 'argument': truncation from 'double' to 'float'
D:\C++ Projects\GDV_SpeedRacer\GDV_SpeedRacer\Game.h(34,38): warning C4305: 'argument': truncation from 'double' to 'float'
D:\C++ Projects\GDV_SpeedRacer\GDV_SpeedRacer\Game.h(35,38): warning C4305: 'argument': truncation from 'double' to 'float'
  Obstacle.cpp
D:\C++ Projects\GDV_SpeedRacer\GDV_SpeedRacer\PhysicsObject.h(22,19): warning C4305: 'initializing': truncation from 'double' to 'float'
D:\C++ Projects\GDV_SpeedRacer\GDV_SpeedRacer\Obstacle.cpp(58,15): warning C4244: 'initializing': conversion from 'float' to 'int', possible loss of data
D:\C++ Projects\GDV_SpeedRacer\GDV_SpeedRacer\Obstacle.cpp(59,20): warning C4244: 'initializing': conversion from 'int' to 'float', possible loss of data
D:\C++ Projects\GDV_SpeedRacer\GDV_SpeedRacer\Obstacle.cpp(60,21): warning C4244: 'initializing': conversion from 'int' to 'float', possible loss of data
  PhysicsObject.cpp
D:\C++ Projects\GDV_SpeedRacer\GDV_SpeedRacer\PhysicsObject.h(22,19): warning C4305: 'initializing': truncation from 'double' to 'float'
  Player.cpp
D:\C++ Projects\GDV_SpeedRacer\GDV_SpeedRacer\PhysicsObject.h(22,19): warning C4305: 'initializing': truncation from 'double' to 'float'
  Wall.cpp
D:\C++ Projects\GDV_SpeedRacer\GDV_SpeedRacer\PhysicsObject.h(22,19): warning C4305: 'initializing': truncation from 'double' to 'float'
  main.cpp
D:\C++ Projects\GDV_SpeedRacer\GDV_SpeedRacer\PhysicsObject.h(22,19): warning C4305: 'initializing': truncation from 'double' to 'float'
D:\C++ Projects\GDV_SpeedRacer\GDV_SpeedRacer\Game.h(30,38): warning C4305: 'argument': truncation from 'double' to 'float'
D:\C++ Projects\GDV_SpeedRacer\GDV_SpeedRacer\Game.h(31,38): warning C4305: 'argument': truncation from 'double' to 'float'
D:\C++ Projects\GDV_SpeedRacer\GDV_SpeedRacer\Game.h(32,44): warning C4305: 'initializing': truncation from 'double' to 'float'
D:\C++ Projects\GDV_SpeedRacer\GDV_SpeedRacer\Game.h(32,38): warning C4305: 'argument': truncation from 'double' to 'float'
D:\C++ Projects\GDV_SpeedRacer\GDV_SpeedRacer\Game.h(33,44): warning C4305: 'initializing': truncation from 'double' to 'float'
D:\C++ Projects\GDV_SpeedRacer\GDV_SpeedRacer\Game.h(33,38): warning C4305: 'argument': truncation from 'double' to 'float'
D:\C++ Projects\GDV_SpeedRacer\GDV_SpeedRacer\Game.h(34,38): warning C4305: 'argument': truncation from 'double' to 'float'
D:\C++ Projects\GDV_SpeedRacer\GDV_SpeedRacer\Game.h(35,38): warning C4305: 'argument': truncation from 'double' to 'float'
  Generating Code...
  GDV_SpeedRacer.vcxproj -> D:\C++ Projects\GDV_SpeedRacer\x64\Debug\GDV_SpeedRacer.exe
